// Jest Snapshot v1, https://goo.gl/fbAQLP

exports[`index index 1`] = `"TestGetParameter"`;
