// Jest Snapshot v1, https://goo.gl/fbAQLP

exports[`index Publish 1`] = `200`;
